Title: CentOS8 に xsf でフォーマットしたディスクをマウントする
Date: 2020-05-20
Category: Tech
Tags: Linux, CentOS8, xfs
Slug: xfs
Authors: s.hosoya

CentOS8に追加ディスクを xfs でフォーマットしてマウントする手順メモ。  
長いこと ext4 でしかフォーマットしてなかったから、何気 xfs はよくわかってない。。  

[XFS ファイルシステム](https://access.redhat.com/documentation/ja-jp/red_hat_enterprise_linux/7/html/storage_administration_guide/ch-xfs)  
[EXT4 vs XFS vs Btrfs vs ZFSをfioでベンチマークを取ってみました。](https://qiita.com/sion_cojp/items/bef955bba3dbf9d603f8)  

## 手順

~~~html
OSがディスクを認識していることを確認

# fdisk -l
Disk /dev/sda: 20 GiB, 21474836480 bytes, 41943040 sectors
Units: sectors of 1 * 512 = 512 bytes
Sector size (logical/physical): 512 bytes / 4096 bytes
I/O size (minimum/optimal): 4096 bytes / 4096 bytes
Disklabel type: gpt
Disk identifier: xxxxxxxxxxxxxxxxxxxxxxxxxxxxxxxxxxxx

Device      Start      End  Sectors  Size Type
/dev/sda1    2048   411647   409600  200M EFI System
/dev/sda2  411648 41940991 41529344 19.8G Linux filesystem

Disk /dev/sdb: 64 GiB, 68719476736 bytes, 134217728 sectors
Units: sectors of 1 * 512 = 512 bytes
Sector size (logical/physical): 512 bytes / 4096 bytes
I/O size (minimum/optimal): 4096 bytes / 4096 bytes```
~~~
 → 今回の対象は /dev/sdb: 64GiB を新規追加した



~~~html
フォーマット

# fdisk /dev/sdb
  > Command (m for help): n
  > Select (default p): p
  > Partition number (1-4, default 1): 1
  > First sector (2048-134217727, default 2048): [Enter]
  > Last sector, +sectors or +size{K,M,G,T,P} (2048-134217727, default 134217727): [Enter]
  > Command (m for help): w

# partprobe
# mkfs -t xfs /dev/sdb1
# xfs_admin -L disk01 /dev/sdb1
~~~

~~~html
ディスクマウント

# mkdir -p /mnt/disk01
# mount /dev/sdb1 /mnt/disk01
~~~

~~~html
ディスクのUUIDを確認

# blkid
/dev/sdb1: LABEL="disk01" UUID="[※ここに書いてある※]" TYPE="xfs" PARTUUID="8ef15b2a-01"```
~~~

~~~html
fstabに記載

# echo "UUID=[UUID]        /mnt/disk01             xfs     defaults        1 2" >>/etc/fstab```
~~~

~~~html
確認

# df -h
/dev/sdb1        64G  490M   64G   1% /mnt/disk01

# mount | grep disk01
/dev/sdb1 on /mnt/disk01 type xfs (rw,relatime,attr2,inode64,noquota)```
~~~

以上にて、 xfs でフォーマットしたディスクをマウントすることができた。  
